2026-06-15 16:18:33,910  INFO    • Saída das chamadas Geotab: direto
2026-06-15 16:18:40,957  INFO    • Geocode: 83,014 coordenadas distintas pendentes (arredondadas a 3 casas decimais).
2026-06-15 16:18:40,961  INFO      → geocode lote 1/50 (100 coords)
2026-06-15 16:18:44,467  INFO      → geocode lote 2/50 (100 coords)
2026-06-15 16:18:47,539  INFO      → geocode lote 3/50 (100 coords)
2026-06-15 16:18:50,696  INFO      → geocode lote 4/50 (100 coords)
2026-06-15 16:18:54,472  INFO      → geocode lote 5/50 (100 coords)
2026-06-15 16:18:57,541  INFO      → geocode lote 6/50 (100 coords)
2026-06-15 16:19:00,647  INFO      → geocode lote 7/50 (100 coords)
2026-06-15 16:19:04,538  INFO      → geocode lote 8/50 (100 coords)
2026-06-15 16:19:07,589  INFO      → geocode lote 9/50 (100 coords)
2026-06-15 16:19:10,709  INFO      → geocode lote 10/50 (100 coords)
2026-06-15 16:19:14,487  INFO      → geocode lote 11/50 (100 coords)
2026-06-15 16:19:17,563  INFO      → geocode lote 12/50 (100 coords)
2026-06-15 16:19:20,689  INFO      → geocode lote 13/50 (100 coords)
2026-06-15 16:19:24,492  INFO      → geocode lote 14/50 (100 coords)
2026-06-15 16:19:27,584  INFO      → geocode lote 15/50 (100 coords)
2026-06-15 16:19:30,691  INFO      → geocode lote 16/50 (100 coords)
2026-06-15 16:19:34,556  INFO      → geocode lote 17/50 (100 coords)
2026-06-15 16:19:37,626  INFO      → geocode lote 18/50 (100 coords)
2026-06-15 16:19:41,478  INFO      → geocode lote 19/50 (100 coords)
2026-06-15 16:19:44,555  INFO      → geocode lote 20/50 (100 coords)
2026-06-15 16:19:47,615  INFO      → geocode lote 21/50 (100 coords)
2026-06-15 16:19:51,592  INFO      → geocode lote 22/50 (100 coords)
2026-06-15 16:19:54,553  INFO      → geocode lote 23/50 (100 coords)
2026-06-15 16:19:57,654  INFO      → geocode lote 24/50 (100 coords)
2026-06-15 16:20:01,525  INFO      → geocode lote 25/50 (100 coords)
2026-06-15 16:20:04,576  INFO      → geocode lote 26/50 (100 coords)
2026-06-15 16:20:07,650  INFO      → geocode lote 27/50 (100 coords)
2026-06-15 16:20:11,519  INFO      → geocode lote 28/50 (100 coords)
2026-06-15 16:20:14,592  INFO      → geocode lote 29/50 (100 coords)
2026-06-15 16:20:17,671  INFO      → geocode lote 30/50 (100 coords)
2026-06-15 16:20:21,539  INFO      → geocode lote 31/50 (100 coords)
2026-06-15 16:20:24,599  INFO      → geocode lote 32/50 (100 coords)
2026-06-15 16:20:27,683  INFO      → geocode lote 33/50 (100 coords)
2026-06-15 16:20:31,521  INFO      → geocode lote 34/50 (100 coords)
2026-06-15 16:20:34,594  INFO      → geocode lote 35/50 (100 coords)
2026-06-15 16:20:37,688  INFO      → geocode lote 36/50 (100 coords)
2026-06-15 16:20:41,520  INFO      → geocode lote 37/50 (100 coords)
2026-06-15 16:20:44,600  INFO      → geocode lote 38/50 (100 coords)
2026-06-15 16:20:47,673  INFO      → geocode lote 39/50 (100 coords)
2026-06-15 16:20:51,551  INFO      → geocode lote 40/50 (100 coords)
2026-06-15 16:20:54,657  INFO      → geocode lote 41/50 (100 coords)
2026-06-15 16:20:57,701  INFO      → geocode lote 42/50 (100 coords)
2026-06-15 16:21:01,561  INFO      → geocode lote 43/50 (100 coords)
2026-06-15 16:21:04,643  INFO      → geocode lote 44/50 (100 coords)
2026-06-15 16:21:09,240  INFO      → geocode lote 45/50 (100 coords)
2026-06-15 16:21:12,150  INFO      → geocode lote 46/50 (100 coords)
2026-06-15 16:21:16,059  INFO      → geocode lote 47/50 (100 coords)
2026-06-15 16:21:19,165  INFO      → geocode lote 48/50 (100 coords)
2026-06-15 16:21:22,191  INFO      → geocode lote 49/50 (100 coords)
2026-06-15 16:21:26,067  INFO      → geocode lote 50/50 (100 coords)
2026-06-15 16:21:30,278  INFO      → 5,000/83,014 endereços no cache
2026-06-15 16:21:30,373  INFO      → geocode lote 1/50 (100 coords)
2026-06-15 16:21:34,046  INFO      → geocode lote 2/50 (100 coords)
2026-06-15 16:21:37,154  INFO      → geocode lote 3/50 (100 coords)
2026-06-15 16:21:40,943  INFO      → geocode lote 4/50 (100 coords)
2026-06-15 16:21:44,051  INFO      → geocode lote 5/50 (100 coords)
2026-06-15 16:21:47,159  INFO      → geocode lote 6/50 (100 coords)
2026-06-15 16:21:50,982  INFO      → geocode lote 7/50 (100 coords)
2026-06-15 16:21:54,090  INFO      → geocode lote 8/50 (100 coords)
2026-06-15 16:21:57,208  INFO      → geocode lote 9/50 (100 coords)
2026-06-15 16:22:00,962  INFO      → geocode lote 10/50 (100 coords)
2026-06-15 16:22:04,082  INFO      → geocode lote 11/50 (100 coords)
2026-06-15 16:22:07,323  INFO      → geocode lote 12/50 (100 coords)
2026-06-15 16:22:10,972  INFO      → geocode lote 13/50 (100 coords)
2026-06-15 16:22:14,116  INFO      → geocode lote 14/50 (100 coords)
2026-06-15 16:22:17,270  INFO      → geocode lote 15/50 (100 coords)
2026-06-15 16:22:20,982  INFO      → geocode lote 16/50 (100 coords)
2026-06-15 16:22:24,148  INFO      → geocode lote 17/50 (100 coords)
2026-06-15 16:22:27,261  INFO      → geocode lote 18/50 (100 coords)
2026-06-15 16:22:30,985  INFO      → geocode lote 19/50 (100 coords)
2026-06-15 16:22:34,121  INFO      → geocode lote 20/50 (100 coords)
2026-06-15 16:22:38,312  INFO      → geocode lote 21/50 (100 coords)
2026-06-15 16:22:41,443  INFO      → geocode lote 22/50 (100 coords)
2026-06-15 16:22:44,572  INFO      → geocode lote 23/50 (100 coords)
2026-06-15 16:22:48,386  INFO      → geocode lote 24/50 (100 coords)
2026-06-15 16:23:00,403  INFO      → geocode lote 25/50 (100 coords)
2026-06-15 16:23:03,271  INFO      → geocode lote 26/50 (100 coords)
2026-06-15 16:23:06,387  INFO      → geocode lote 27/50 (100 coords)
2026-06-15 16:23:10,269  INFO      → geocode lote 28/50 (100 coords)
2026-06-15 16:23:13,368  INFO      → geocode lote 29/50 (100 coords)
2026-06-15 16:23:17,093  INFO      → geocode lote 30/50 (100 coords)
2026-06-15 16:23:20,230  INFO      → geocode lote 31/50 (100 coords)
2026-06-15 16:23:23,334  INFO      → geocode lote 32/50 (100 coords)
2026-06-15 16:23:27,100  INFO      → geocode lote 33/50 (100 coords)
2026-06-15 16:23:30,238  INFO      → geocode lote 34/50 (100 coords)
2026-06-15 16:23:33,363  INFO      → geocode lote 35/50 (100 coords)
2026-06-15 16:23:37,115  INFO      → geocode lote 36/50 (100 coords)
2026-06-15 16:23:40,254  INFO      → geocode lote 37/50 (100 coords)
2026-06-15 16:23:43,368  INFO      → geocode lote 38/50 (100 coords)
2026-06-15 16:23:47,112  INFO      → geocode lote 39/50 (100 coords)
2026-06-15 16:23:50,256  INFO      → geocode lote 40/50 (100 coords)
2026-06-15 16:23:53,388  INFO      → geocode lote 41/50 (100 coords)
2026-06-15 16:23:57,113  INFO      → geocode lote 42/50 (100 coords)
2026-06-15 16:24:00,316  INFO      → geocode lote 43/50 (100 coords)
2026-06-15 16:24:03,407  INFO      → geocode lote 44/50 (100 coords)
2026-06-15 16:24:07,118  INFO      → geocode lote 45/50 (100 coords)
2026-06-15 16:24:10,268  INFO      → geocode lote 46/50 (100 coords)
2026-06-15 16:24:13,381  INFO      → geocode lote 47/50 (100 coords)
2026-06-15 16:24:17,138  INFO      → geocode lote 48/50 (100 coords)
2026-06-15 16:24:20,264  INFO      → geocode lote 49/50 (100 coords)
2026-06-15 16:24:23,385  INFO      → geocode lote 50/50 (100 coords)
2026-06-15 16:24:28,415  INFO      → 10,000/83,014 endereços no cache
2026-06-15 16:24:28,507  INFO      → geocode lote 1/50 (100 coords)
2026-06-15 16:24:32,052  INFO      → geocode lote 2/50 (100 coords)
2026-06-15 16:24:35,194  INFO      → geocode lote 3/50 (100 coords)
2026-06-15 16:24:38,335  INFO      → geocode lote 4/50 (100 coords)
2026-06-15 16:24:42,061  INFO      → geocode lote 5/50 (100 coords)
2026-06-15 16:24:45,183  INFO      → geocode lote 6/50 (100 coords)
2026-06-15 16:24:48,334  INFO      → geocode lote 7/50 (100 coords)
2026-06-15 16:24:52,063  INFO      → geocode lote 8/50 (100 coords)
2026-06-15 16:24:55,199  INFO      → geocode lote 9/50 (100 coords)
2026-06-15 16:25:02,696  INFO      → geocode lote 10/50 (100 coords)
2026-06-15 16:25:05,609  INFO      → geocode lote 11/50 (100 coords)
2026-06-15 16:25:08,752  INFO      → geocode lote 12/50 (100 coords)
2026-06-15 16:25:12,454  INFO      → geocode lote 13/50 (100 coords)
2026-06-15 16:25:15,616  INFO      → geocode lote 14/50 (100 coords)
2026-06-15 16:25:18,737  INFO      → geocode lote 15/50 (100 coords)
2026-06-15 16:25:22,465  INFO      → geocode lote 16/50 (100 coords)
2026-06-15 16:25:25,595  INFO      → geocode lote 17/50 (100 coords)
2026-06-15 16:25:28,740  INFO      → geocode lote 18/50 (100 coords)
2026-06-15 16:25:32,561  INFO      → geocode lote 19/50 (100 coords)
2026-06-15 16:25:35,698  INFO      → geocode lote 20/50 (100 coords)
2026-06-15 16:25:39,446  INFO      → geocode lote 21/50 (100 coords)
2026-06-15 16:25:42,558  INFO      → geocode lote 22/50 (100 coords)
2026-06-15 16:25:45,697  INFO      → geocode lote 23/50 (100 coords)
2026-06-15 16:25:49,573  INFO      → geocode lote 24/50 (100 coords)
2026-06-15 16:25:52,571  INFO      → geocode lote 25/50 (100 coords)
2026-06-15 16:25:55,762  INFO      → geocode lote 26/50 (100 coords)
2026-06-15 16:25:59,442  INFO      → geocode lote 27/50 (100 coords)
2026-06-15 16:26:02,648  INFO      → geocode lote 28/50 (100 coords)
2026-06-15 16:26:05,710  INFO      → geocode lote 29/50 (100 coords)
2026-06-15 16:26:09,442  INFO      → geocode lote 30/50 (100 coords)
2026-06-15 16:26:12,586  INFO      → geocode lote 31/50 (100 coords)
2026-06-15 16:26:18,012  INFO      → geocode lote 32/50 (100 coords)
2026-06-15 16:26:20,921  INFO      → geocode lote 33/50 (100 coords)
2026-06-15 16:26:24,050  INFO      → geocode lote 34/50 (100 coords)
2026-06-15 16:26:27,787  INFO      → geocode lote 35/50 (100 coords)
2026-06-15 16:26:30,934  INFO      → geocode lote 36/50 (100 coords)
2026-06-15 16:26:34,755  INFO      → geocode lote 37/50 (100 coords)
2026-06-15 16:26:38,353  INFO      → geocode lote 38/50 (100 coords)
2026-06-15 16:26:41,802  INFO      → geocode lote 39/50 (100 coords)
2026-06-15 16:26:45,477  INFO      → geocode lote 40/50 (100 coords)
2026-06-15 16:26:48,911  INFO      → geocode lote 41/50 (100 coords)
2026-06-15 16:26:52,053  INFO      → geocode lote 42/50 (100 coords)
2026-06-15 16:26:55,192  INFO      → geocode lote 43/50 (100 coords)
2026-06-15 16:26:58,918  INFO      → geocode lote 44/50 (100 coords)
2026-06-15 16:27:02,177  INFO      → geocode lote 45/50 (100 coords)
2026-06-15 16:27:05,192  INFO      → geocode lote 46/50 (100 coords)
2026-06-15 16:27:08,932  INFO      → geocode lote 47/50 (100 coords)
2026-06-15 16:27:12,052  INFO      → geocode lote 48/50 (100 coords)
2026-06-15 16:27:15,240  INFO      → geocode lote 49/50 (100 coords)
2026-06-15 16:27:18,918  INFO      → geocode lote 50/50 (100 coords)
2026-06-15 16:27:23,444  INFO      → 15,000/83,014 endereços no cache
2026-06-15 16:27:23,561  INFO      → geocode lote 1/50 (100 coords)
2026-06-15 16:27:27,028  INFO      → geocode lote 2/50 (100 coords)
2026-06-15 16:27:30,182  INFO      → geocode lote 3/50 (100 coords)
2026-06-15 16:27:33,308  INFO      → geocode lote 4/50 (100 coords)
2026-06-15 16:27:37,145  INFO      → geocode lote 5/50 (100 coords)
2026-06-15 16:27:40,235  INFO      → geocode lote 6/50 (100 coords)
2026-06-15 16:27:44,014  INFO      → geocode lote 7/50 (100 coords)
2026-06-15 16:27:47,131  INFO      → geocode lote 8/50 (100 coords)
2026-06-15 16:27:50,289  INFO      → geocode lote 9/50 (100 coords)
2026-06-15 16:27:54,010  INFO      → geocode lote 10/50 (100 coords)
2026-06-15 16:27:57,119  INFO      → geocode lote 11/50 (100 coords)
2026-06-15 16:28:00,260  INFO      → geocode lote 12/50 (100 coords)
2026-06-15 16:28:04,017  INFO      → geocode lote 13/50 (100 coords)
2026-06-15 16:28:07,138  INFO      → geocode lote 14/50 (100 coords)
2026-06-15 16:28:10,271  INFO      → geocode lote 15/50 (100 coords)
2026-06-15 16:28:14,035  INFO      → geocode lote 16/50 (100 coords)
2026-06-15 16:28:17,216  INFO      → geocode lote 17/50 (100 coords)
2026-06-15 16:28:20,356  INFO      → geocode lote 18/50 (100 coords)
2026-06-15 16:28:24,100  INFO      → geocode lote 19/50 (100 coords)
2026-06-15 16:28:27,232  INFO      → geocode lote 20/50 (100 coords)
2026-06-15 16:28:30,363  INFO      → geocode lote 21/50 (100 coords)
2026-06-15 16:28:34,349  INFO      → geocode lote 22/50 (100 coords)
2026-06-15 16:28:37,787  INFO      → geocode lote 23/50 (100 coords)
2026-06-15 16:28:41,247  INFO      → geocode lote 24/50 (100 coords)
2026-06-15 16:28:44,375  INFO      → geocode lote 25/50 (100 coords)
2026-06-15 16:28:48,218  INFO      → geocode lote 26/50 (100 coords)
2026-06-15 16:28:51,344  INFO      → geocode lote 27/50 (100 coords)
2026-06-15 16:28:54,486  INFO      → geocode lote 28/50 (100 coords)
2026-06-15 16:28:58,256  INFO      → geocode lote 29/50 (100 coords)
2026-06-15 16:29:01,411  INFO      → geocode lote 30/50 (100 coords)
2026-06-15 16:29:04,538  INFO      → geocode lote 31/50 (100 coords)
2026-06-15 16:29:08,278  INFO      → geocode lote 32/50 (100 coords)
2026-06-15 16:29:11,430  INFO      → geocode lote 33/50 (100 coords)
2026-06-15 16:29:14,553  INFO      → geocode lote 34/50 (100 coords)
2026-06-15 16:29:18,284  INFO      → geocode lote 35/50 (100 coords)
2026-06-15 16:29:21,401  INFO      → geocode lote 36/50 (100 coords)
2026-06-15 16:29:24,546  INFO      → geocode lote 37/50 (100 coords)
2026-06-15 16:29:28,285  INFO      → geocode lote 38/50 (100 coords)
2026-06-15 16:29:31,405  INFO      → geocode lote 39/50 (100 coords)
2026-06-15 16:29:34,525  INFO      → geocode lote 40/50 (100 coords)
2026-06-15 16:29:38,296  INFO      → geocode lote 41/50 (100 coords)
2026-06-15 16:29:41,531  INFO      → geocode lote 42/50 (100 coords)
2026-06-15 16:29:44,532  INFO      → geocode lote 43/50 (100 coords)
2026-06-15 16:29:48,285  INFO      → geocode lote 44/50 (100 coords)
2026-06-15 16:29:51,411  INFO      → geocode lote 45/50 (100 coords)
2026-06-15 16:29:54,552  INFO      → geocode lote 46/50 (100 coords)
2026-06-15 16:29:58,285  INFO      → geocode lote 47/50 (100 coords)
2026-06-15 16:30:01,413  INFO      → geocode lote 48/50 (100 coords)
2026-06-15 16:30:04,559  INFO      → geocode lote 49/50 (100 coords)
2026-06-15 16:30:08,294  INFO      → geocode lote 50/50 (100 coords)
2026-06-15 16:30:12,340  INFO      → 20,000/83,014 endereços no cache
2026-06-15 16:30:12,432  INFO      → geocode lote 1/50 (100 coords)
2026-06-15 16:30:15,761  INFO      → geocode lote 2/50 (100 coords)
2026-06-15 16:30:18,905  INFO      → geocode lote 3/50 (100 coords)
2026-06-15 16:30:22,667  INFO      → geocode lote 4/50 (100 coords)
2026-06-15 16:30:25,773  INFO      → geocode lote 5/50 (100 coords)
2026-06-15 16:30:28,899  INFO      → geocode lote 6/50 (100 coords)
2026-06-15 16:30:32,657  INFO      → geocode lote 7/50 (100 coords)
2026-06-15 16:30:35,794  INFO      → geocode lote 8/50 (100 coords)
2026-06-15 16:30:38,954  INFO      → geocode lote 9/50 (100 coords)
2026-06-15 16:30:42,665  INFO      → geocode lote 10/50 (100 coords)
2026-06-15 16:30:45,831  INFO      → geocode lote 11/50 (100 coords)
2026-06-15 16:30:48,941  INFO      → geocode lote 12/50 (100 coords)
2026-06-15 16:30:52,663  INFO      → geocode lote 13/50 (100 coords)
2026-06-15 16:30:55,805  INFO      → geocode lote 14/50 (100 coords)
2026-06-15 16:30:58,928  INFO      → geocode lote 15/50 (100 coords)
2026-06-15 16:31:02,713  INFO      → geocode lote 16/50 (100 coords)
2026-06-15 16:31:05,960  INFO      → geocode lote 17/50 (100 coords)
2026-06-15 16:31:09,760  INFO      → geocode lote 18/50 (100 coords)
2026-06-15 16:31:12,824  INFO      → geocode lote 19/50 (100 coords)
2026-06-15 16:31:15,969  INFO      → geocode lote 20/50 (100 coords)
2026-06-15 16:31:19,698  INFO      → geocode lote 21/50 (100 coords)
2026-06-15 16:31:22,852  INFO      → geocode lote 22/50 (100 coords)
2026-06-15 16:31:25,965  INFO      → geocode lote 23/50 (100 coords)
2026-06-15 16:31:29,717  INFO      → geocode lote 24/50 (100 coords)
2026-06-15 16:31:32,839  INFO      → geocode lote 25/50 (100 coords)
2026-06-15 16:31:35,965  INFO      → geocode lote 26/50 (100 coords)
2026-06-15 16:31:39,720  INFO      → geocode lote 27/50 (100 coords)
2026-06-15 16:31:42,855  INFO      → geocode lote 28/50 (100 coords)
2026-06-15 16:31:46,710  INFO      → geocode lote 29/50 (100 coords)
2026-06-15 16:31:49,844  INFO      → geocode lote 30/50 (100 coords)
2026-06-15 16:31:52,953  INFO      → geocode lote 31/50 (100 coords)
2026-06-15 16:31:56,706  INFO      → geocode lote 32/50 (100 coords)
2026-06-15 16:31:59,844  INFO      → geocode lote 33/50 (100 coords)
2026-06-15 16:32:02,987  INFO      → geocode lote 34/50 (100 coords)
2026-06-15 16:32:06,709  INFO      → geocode lote 35/50 (100 coords)
2026-06-15 16:32:09,837  INFO      → geocode lote 36/50 (100 coords)
2026-06-15 16:32:12,999  INFO      → geocode lote 37/50 (100 coords)
2026-06-15 16:32:16,706  INFO      → geocode lote 38/50 (100 coords)
2026-06-15 16:32:19,844  INFO      → geocode lote 39/50 (100 coords)
2026-06-15 16:32:22,975  INFO      → geocode lote 40/50 (100 coords)
2026-06-15 16:32:26,710  INFO      → geocode lote 41/50 (100 coords)
2026-06-15 16:32:29,854  INFO      → geocode lote 42/50 (100 coords)
2026-06-15 16:32:33,704  INFO      → geocode lote 43/50 (100 coords)
2026-06-15 16:32:36,836  INFO      → geocode lote 44/50 (100 coords)
2026-06-15 16:32:39,961  INFO      → geocode lote 45/50 (100 coords)
2026-06-15 16:32:43,719  INFO      → geocode lote 46/50 (100 coords)
2026-06-15 16:32:46,834  INFO      → geocode lote 47/50 (100 coords)
2026-06-15 16:32:55,198  INFO      → geocode lote 48/50 (100 coords)
2026-06-15 16:32:58,328  INFO      → geocode lote 49/50 (100 coords)
2026-06-15 16:33:01,995  INFO      → geocode lote 50/50 (100 coords)
2026-06-15 16:33:06,051  INFO      → 25,000/83,014 endereços no cache
2026-06-15 16:33:06,132  INFO      → geocode lote 1/50 (100 coords)
2026-06-15 16:33:09,660  INFO      → geocode lote 2/50 (100 coords)
2026-06-15 16:33:12,789  INFO      → geocode lote 3/50 (100 coords)
2026-06-15 16:33:15,946  INFO      → geocode lote 4/50 (100 coords)
2026-06-15 16:33:19,752  INFO      → geocode lote 5/50 (100 coords)
2026-06-15 16:33:22,979  INFO      → geocode lote 6/50 (100 coords)
2026-06-15 16:33:26,720  INFO      → geocode lote 7/50 (100 coords)
2026-06-15 16:33:29,823  INFO      → geocode lote 8/50 (100 coords)
2026-06-15 16:33:32,982  INFO      → geocode lote 9/50 (100 coords)
2026-06-15 16:33:36,742  INFO      → geocode lote 10/50 (100 coords)
2026-06-15 16:33:39,861  INFO      → geocode lote 11/50 (100 coords)
2026-06-15 16:33:42,971  INFO      → geocode lote 12/50 (100 coords)
2026-06-15 16:33:46,749  INFO      → geocode lote 13/50 (100 coords)
2026-06-15 16:33:49,876  INFO      → geocode lote 14/50 (100 coords)
2026-06-15 16:33:53,017  INFO      → geocode lote 15/50 (100 coords)
2026-06-15 16:33:56,738  INFO      → geocode lote 16/50 (100 coords)
2026-06-15 16:33:59,884  INFO      → geocode lote 17/50 (100 coords)
2026-06-15 16:34:02,988  INFO      → geocode lote 18/50 (100 coords)
2026-06-15 16:34:06,803  INFO      → geocode lote 19/50 (100 coords)
2026-06-15 16:34:09,872  INFO      → geocode lote 20/50 (100 coords)
2026-06-15 16:34:13,033  INFO      → geocode lote 21/50 (100 coords)
2026-06-15 16:34:16,746  INFO      → geocode lote 22/50 (100 coords)
2026-06-15 16:34:19,890  INFO      → geocode lote 23/50 (100 coords)
2026-06-15 16:34:23,749  INFO      → geocode lote 24/50 (100 coords)
2026-06-15 16:34:26,854  INFO      → geocode lote 25/50 (100 coords)
2026-06-15 16:34:29,975  INFO      → geocode lote 26/50 (100 coords)
2026-06-15 16:34:33,744  INFO      → geocode lote 27/50 (100 coords)
2026-06-15 16:34:36,863  INFO      → geocode lote 28/50 (100 coords)
2026-06-15 16:34:39,997  INFO      → geocode lote 29/50 (100 coords)
2026-06-15 16:34:43,762  INFO      → geocode lote 30/50 (100 coords)
2026-06-15 16:34:46,871  INFO      → geocode lote 31/50 (100 coords)
2026-06-15 16:34:49,995  INFO      → geocode lote 32/50 (100 coords)
2026-06-15 16:34:53,752  INFO      → geocode lote 33/50 (100 coords)
2026-06-15 16:34:56,883  INFO      → geocode lote 34/50 (100 coords)
2026-06-15 16:35:00,036  INFO      → geocode lote 35/50 (100 coords)
2026-06-15 16:35:03,758  INFO      → geocode lote 36/50 (100 coords)
2026-06-15 16:35:06,906  INFO      → geocode lote 37/50 (100 coords)
2026-06-15 16:35:10,033  INFO      → geocode lote 38/50 (100 coords)
2026-06-15 16:35:13,767  INFO      → geocode lote 39/50 (100 coords)
2026-06-15 16:35:16,890  INFO      → geocode lote 40/50 (100 coords)
2026-06-15 16:35:20,024  INFO      → geocode lote 41/50 (100 coords)
2026-06-15 16:35:23,765  INFO      → geocode lote 42/50 (100 coords)
2026-06-15 16:35:26,891  INFO      → geocode lote 43/50 (100 coords)
2026-06-15 16:35:30,043  INFO      → geocode lote 44/50 (100 coords)
2026-06-15 16:35:33,770  INFO      → geocode lote 45/50 (100 coords)
2026-06-15 16:35:36,978  INFO      → geocode lote 46/50 (100 coords)
2026-06-15 16:35:40,733  INFO      → geocode lote 47/50 (100 coords)
2026-06-15 16:35:43,853  INFO      → geocode lote 48/50 (100 coords)
2026-06-15 16:35:46,978  INFO      → geocode lote 49/50 (100 coords)
2026-06-15 16:35:50,731  INFO      → geocode lote 50/50 (100 coords)
2026-06-15 16:35:54,883  INFO      → 30,000/83,014 endereços no cache
2026-06-15 16:35:54,959  INFO      → geocode lote 1/50 (100 coords)
2026-06-15 16:35:58,393  INFO      → geocode lote 2/50 (100 coords)
2026-06-15 16:36:01,514  INFO      → geocode lote 3/50 (100 coords)
2026-06-15 16:36:04,701  INFO      → geocode lote 4/50 (100 coords)
2026-06-15 16:36:08,390  INFO      → geocode lote 5/50 (100 coords)
2026-06-15 16:36:11,521  INFO      → geocode lote 6/50 (100 coords)
2026-06-15 16:36:14,668  INFO      → geocode lote 7/50 (100 coords)
2026-06-15 16:36:18,386  INFO      → geocode lote 8/50 (100 coords)
2026-06-15 16:36:21,528  INFO      → geocode lote 9/50 (100 coords)
2026-06-15 16:36:24,659  INFO      → geocode lote 10/50 (100 coords)
2026-06-15 16:36:28,390  INFO      → geocode lote 11/50 (100 coords)
2026-06-15 16:36:31,527  INFO      → geocode lote 12/50 (100 coords)
2026-06-15 16:36:34,666  INFO      → geocode lote 13/50 (100 coords)
2026-06-15 16:36:38,559  INFO      → geocode lote 14/50 (100 coords)
2026-06-15 16:36:41,605  INFO      → geocode lote 15/50 (100 coords)
2026-06-15 16:36:45,063  INFO      → geocode lote 16/50 (100 coords)
2026-06-15 16:36:48,497  INFO      → geocode lote 17/50 (100 coords)
2026-06-15 16:36:51,623  INFO      → geocode lote 18/50 (100 coords)
2026-06-15 16:36:54,841  INFO      → geocode lote 19/50 (100 coords)
2026-06-15 16:36:58,490  INFO      → geocode lote 20/50 (100 coords)
2026-06-15 16:37:01,800  INFO      → geocode lote 21/50 (100 coords)
2026-06-15 16:37:06,819  INFO      → geocode lote 22/50 (100 coords)
2026-06-15 16:37:09,937  INFO      → geocode lote 23/50 (100 coords)
2026-06-15 16:37:13,812  INFO      → geocode lote 24/50 (100 coords)
2026-06-15 16:37:16,927  INFO      → geocode lote 25/50 (100 coords)
2026-06-15 16:37:20,054  INFO      → geocode lote 26/50 (100 coords)
2026-06-15 16:37:23,806  INFO      → geocode lote 27/50 (100 coords)
2026-06-15 16:37:26,912  INFO      → geocode lote 28/50 (100 coords)
2026-06-15 16:37:30,060  INFO      → geocode lote 29/50 (100 coords)
2026-06-15 16:37:33,802  INFO      → geocode lote 30/50 (100 coords)
2026-06-15 16:37:36,938  INFO      → geocode lote 31/50 (100 coords)
2026-06-15 16:37:40,072  INFO      → geocode lote 32/50 (100 coords)
2026-06-15 16:37:43,831  INFO      → geocode lote 33/50 (100 coords)
2026-06-15 16:37:46,960  INFO      → geocode lote 34/50 (100 coords)
2026-06-15 16:37:50,070  INFO      → geocode lote 35/50 (100 coords)
2026-06-15 16:37:53,817  INFO      → geocode lote 36/50 (100 coords)
2026-06-15 16:37:56,935  INFO      → geocode lote 37/50 (100 coords)
2026-06-15 16:38:00,090  INFO      → geocode lote 38/50 (100 coords)
2026-06-15 16:38:03,821  INFO      → geocode lote 39/50 (100 coords)
2026-06-15 16:38:07,047  INFO      → geocode lote 40/50 (100 coords)
2026-06-15 16:38:10,804  INFO      → geocode lote 41/50 (100 coords)
2026-06-15 16:38:13,935  INFO      → geocode lote 42/50 (100 coords)
2026-06-15 16:38:17,056  INFO      → geocode lote 43/50 (100 coords)
2026-06-15 16:38:20,802  INFO      → geocode lote 44/50 (100 coords)
2026-06-15 16:38:23,932  INFO      → geocode lote 45/50 (100 coords)
2026-06-15 16:38:27,064  INFO      → geocode lote 46/50 (100 coords)
2026-06-15 16:38:30,810  INFO      → geocode lote 47/50 (100 coords)
2026-06-15 16:38:35,776  INFO      → geocode lote 48/50 (100 coords)
2026-06-15 16:38:38,599  INFO      → geocode lote 49/50 (100 coords)
2026-06-15 16:38:42,455  INFO      → geocode lote 50/50 (100 coords)
2026-06-15 16:38:47,279  INFO      → 35,000/83,014 endereços no cache
2026-06-15 16:38:47,372  INFO      → geocode lote 1/50 (100 coords)
2026-06-15 16:38:50,913  INFO      → geocode lote 2/50 (100 coords)
2026-06-15 16:38:54,028  INFO      → geocode lote 3/50 (100 coords)
2026-06-15 16:38:57,187  INFO      → geocode lote 4/50 (100 coords)
2026-06-15 16:39:00,899  INFO      → geocode lote 5/50 (100 coords)
2026-06-15 16:39:04,056  INFO      → geocode lote 6/50 (100 coords)
2026-06-15 16:39:07,175  INFO      → geocode lote 7/50 (100 coords)
2026-06-15 16:39:10,916  INFO      → geocode lote 8/50 (100 coords)
2026-06-15 16:39:14,350  INFO      → geocode lote 9/50 (100 coords)
2026-06-15 16:39:17,168  INFO      → geocode lote 10/50 (100 coords)
2026-06-15 16:39:20,930  INFO      → geocode lote 11/50 (100 coords)
2026-06-15 16:39:24,156  INFO      → geocode lote 12/50 (100 coords)
2026-06-15 16:39:27,225  INFO      → geocode lote 13/50 (100 coords)
2026-06-15 16:39:30,949  INFO      → geocode lote 14/50 (100 coords)
2026-06-15 16:39:34,057  INFO      → geocode lote 15/50 (100 coords)
2026-06-15 16:39:38,187  INFO      → geocode lote 16/50 (100 coords)
2026-06-15 16:39:41,055  INFO      → geocode lote 17/50 (100 coords)
2026-06-15 16:39:44,186  INFO      → geocode lote 18/50 (100 coords)
2026-06-15 16:39:47,950  INFO      → geocode lote 19/50 (100 coords)
2026-06-15 16:39:51,118  INFO      → geocode lote 20/50 (100 coords)
2026-06-15 16:39:54,177  INFO      → geocode lote 21/50 (100 coords)
2026-06-15 16:39:57,929  INFO      → geocode lote 22/50 (100 coords)
2026-06-15 16:40:01,078  INFO      → geocode lote 23/50 (100 coords)
2026-06-15 16:40:04,173  INFO      → geocode lote 24/50 (100 coords)
2026-06-15 16:40:07,923  INFO      → geocode lote 25/50 (100 coords)
2026-06-15 16:40:11,071  INFO      → geocode lote 26/50 (100 coords)
2026-06-15 16:40:14,225  INFO      → geocode lote 27/50 (100 coords)
2026-06-15 16:40:17,999  INFO      → geocode lote 28/50 (100 coords)
2026-06-15 16:40:21,147  INFO      → geocode lote 29/50 (100 coords)
2026-06-15 16:40:24,257  INFO      → geocode lote 30/50 (100 coords)
2026-06-15 16:40:28,006  INFO      → geocode lote 31/50 (100 coords)
2026-06-15 16:40:31,131  INFO      → geocode lote 32/50 (100 coords)
2026-06-15 16:40:34,276  INFO      → geocode lote 33/50 (100 coords)
2026-06-15 16:40:38,024  INFO      → geocode lote 34/50 (100 coords)
2026-06-15 16:40:41,144  INFO      → geocode lote 35/50 (100 coords)
2026-06-15 16:40:44,265  INFO      → geocode lote 36/50 (100 coords)
2026-06-15 16:40:48,231  INFO      → geocode lote 37/50 (100 coords)
2026-06-15 16:40:51,374  INFO      → geocode lote 38/50 (100 coords)
2026-06-15 16:40:54,747  INFO      → geocode lote 39/50 (100 coords)
2026-06-15 16:40:58,222  INFO      → geocode lote 40/50 (100 coords)
2026-06-15 16:41:01,365  INFO      → geocode lote 41/50 (100 coords)
2026-06-15 16:41:04,524  INFO      → geocode lote 42/50 (100 coords)
2026-06-15 16:41:08,342  INFO      → geocode lote 43/50 (100 coords)
2026-06-15 16:41:11,462  INFO      → geocode lote 44/50 (100 coords)
2026-06-15 16:41:15,210  INFO      → geocode lote 45/50 (100 coords)
2026-06-15 16:41:18,349  INFO      → geocode lote 46/50 (100 coords)
2026-06-15 16:41:21,430  INFO      → geocode lote 47/50 (100 coords)
2026-06-15 16:41:25,212  INFO      → geocode lote 48/50 (100 coords)
2026-06-15 16:41:28,309  INFO      → geocode lote 49/50 (100 coords)
2026-06-15 16:41:31,461  INFO      → geocode lote 50/50 (100 coords)
2026-06-15 16:41:36,558  INFO      → 40,000/83,014 endereços no cache
2026-06-15 16:41:36,634  INFO      → geocode lote 1/50 (100 coords)
2026-06-15 16:41:40,103  INFO      → geocode lote 2/50 (100 coords)
2026-06-15 16:41:43,263  INFO      → geocode lote 3/50 (100 coords)
2026-06-15 16:41:46,375  INFO      → geocode lote 4/50 (100 coords)
2026-06-15 16:41:50,090  INFO      → geocode lote 5/50 (100 coords)
2026-06-15 16:41:53,270  INFO      → geocode lote 6/50 (100 coords)
2026-06-15 16:41:56,408  INFO      → geocode lote 7/50 (100 coords)
2026-06-15 16:42:00,112  INFO      → geocode lote 8/50 (100 coords)
2026-06-15 16:42:03,239  INFO      → geocode lote 9/50 (100 coords)
2026-06-15 16:42:06,373  INFO      → geocode lote 10/50 (100 coords)
2026-06-15 16:42:10,108  INFO      → geocode lote 11/50 (100 coords)
2026-06-15 16:42:13,358  INFO      → geocode lote 12/50 (100 coords)
2026-06-15 16:42:17,105  INFO      → geocode lote 13/50 (100 coords)
2026-06-15 16:42:20,216  INFO      → geocode lote 14/50 (100 coords)
2026-06-15 16:42:23,355  INFO      → geocode lote 15/50 (100 coords)
2026-06-15 16:42:27,102  INFO      → geocode lote 16/50 (100 coords)
2026-06-15 16:42:30,223  INFO      → geocode lote 17/50 (100 coords)
2026-06-15 16:42:33,369  INFO      → geocode lote 18/50 (100 coords)
2026-06-15 16:42:37,112  INFO      → geocode lote 19/50 (100 coords)
2026-06-15 16:42:40,254  INFO      → geocode lote 20/50 (100 coords)
2026-06-15 16:42:43,407  INFO      → geocode lote 21/50 (100 coords)
2026-06-15 16:42:53,694  INFO      → geocode lote 22/50 (100 coords)
2026-06-15 16:42:56,659  INFO      → geocode lote 23/50 (100 coords)
2026-06-15 16:42:59,777  INFO      → geocode lote 24/50 (100 coords)
2026-06-15 16:43:03,558  INFO      → geocode lote 25/50 (100 coords)
2026-06-15 16:43:06,663  INFO      → geocode lote 26/50 (100 coords)
2026-06-15 16:43:09,777  INFO      → geocode lote 27/50 (100 coords)
2026-06-15 16:43:13,560  INFO      → geocode lote 28/50 (100 coords)
2026-06-15 16:43:16,640  INFO      → geocode lote 29/50 (100 coords)
2026-06-15 16:43:19,749  INFO      → geocode lote 30/50 (100 coords)
2026-06-15 16:43:23,553  INFO      → geocode lote 31/50 (100 coords)
2026-06-15 16:43:26,653  INFO      → geocode lote 32/50 (100 coords)
2026-06-15 16:43:29,921  INFO      → geocode lote 33/50 (100 coords)
2026-06-15 16:43:33,540  INFO      → geocode lote 34/50 (100 coords)
2026-06-15 16:43:36,662  INFO      → geocode lote 35/50 (100 coords)
2026-06-15 16:43:39,798  INFO      → geocode lote 36/50 (100 coords)
2026-06-15 16:43:43,571  INFO      → geocode lote 37/50 (100 coords)
2026-06-15 16:43:46,709  INFO      → geocode lote 38/50 (100 coords)
2026-06-15 16:43:49,825  INFO      → geocode lote 39/50 (100 coords)
2026-06-15 16:43:53,606  INFO      → geocode lote 40/50 (100 coords)
2026-06-15 16:43:56,717  INFO      → geocode lote 41/50 (100 coords)
2026-06-15 16:43:59,862  INFO      → geocode lote 42/50 (100 coords)
2026-06-15 16:44:03,617  INFO      → geocode lote 43/50 (100 coords)
2026-06-15 16:44:06,734  INFO      → geocode lote 44/50 (100 coords)
2026-06-15 16:44:09,847  INFO      → geocode lote 45/50 (100 coords)
2026-06-15 16:44:13,592  INFO      → geocode lote 46/50 (100 coords)
2026-06-15 16:44:16,724  INFO      → geocode lote 47/50 (100 coords)
2026-06-15 16:44:19,872  INFO      → geocode lote 48/50 (100 coords)
2026-06-15 16:44:23,601  INFO      → geocode lote 49/50 (100 coords)
2026-06-15 16:44:26,730  INFO      → geocode lote 50/50 (100 coords)
2026-06-15 16:44:31,503  INFO      → 45,000/83,014 endereços no cache
2026-06-15 16:44:31,590  INFO      → geocode lote 1/50 (100 coords)
2026-06-15 16:44:35,019  INFO      → geocode lote 2/50 (100 coords)
2026-06-15 16:44:38,166  INFO      → geocode lote 3/50 (100 coords)
2026-06-15 16:44:41,311  INFO      → geocode lote 4/50 (100 coords)
2026-06-15 16:44:45,029  INFO      → geocode lote 5/50 (100 coords)
2026-06-15 16:44:48,179  INFO      → geocode lote 6/50 (100 coords)
2026-06-15 16:44:51,328  INFO      → geocode lote 7/50 (100 coords)
2026-06-15 16:44:55,064  INFO      → geocode lote 8/50 (100 coords)
2026-06-15 16:44:58,213  INFO      → geocode lote 9/50 (100 coords)
2026-06-15 16:45:01,354  INFO      → geocode lote 10/50 (100 coords)
2026-06-15 16:45:05,064  INFO      → geocode lote 11/50 (100 coords)
2026-06-15 16:45:08,213  INFO      → geocode lote 12/50 (100 coords)
2026-06-15 16:45:12,047  INFO      → geocode lote 13/50 (100 coords)
2026-06-15 16:45:15,199  INFO      → geocode lote 14/50 (100 coords)
2026-06-15 16:45:18,286  INFO      → geocode lote 15/50 (100 coords)
2026-06-15 16:45:22,060  INFO      → geocode lote 16/50 (100 coords)
2026-06-15 16:45:25,171  INFO      → geocode lote 17/50 (100 coords)
2026-06-15 16:45:28,288  INFO      → geocode lote 18/50 (100 coords)
2026-06-15 16:45:32,058  INFO      → geocode lote 19/50 (100 coords)
2026-06-15 16:45:35,180  INFO      → geocode lote 20/50 (100 coords)
2026-06-15 16:45:38,311  INFO      → geocode lote 21/50 (100 coords)
2026-06-15 16:45:42,109  INFO      → geocode lote 22/50 (100 coords)
2026-06-15 16:45:45,229  INFO      → geocode lote 23/50 (100 coords)
2026-06-15 16:45:48,352  INFO      → geocode lote 24/50 (100 coords)
2026-06-15 16:45:52,107  INFO      → geocode lote 25/50 (100 coords)
2026-06-15 16:45:55,219  INFO      → geocode lote 26/50 (100 coords)
2026-06-15 16:45:58,342  INFO      → geocode lote 27/50 (100 coords)
2026-06-15 16:46:02,098  INFO      → geocode lote 28/50 (100 coords)
2026-06-15 16:46:05,250  INFO      → geocode lote 29/50 (100 coords)
2026-06-15 16:46:08,340  INFO      → geocode lote 30/50 (100 coords)
2026-06-15 16:46:12,123  INFO      → geocode lote 31/50 (100 coords)
2026-06-15 16:46:16,211  INFO      → geocode lote 32/50 (100 coords)
2026-06-15 16:46:19,323  INFO      → geocode lote 33/50 (100 coords)
2026-06-15 16:46:22,462  INFO      → geocode lote 34/50 (100 coords)
2026-06-15 16:46:26,202  INFO      → geocode lote 35/50 (100 coords)
2026-06-15 16:46:29,356  INFO      → geocode lote 36/50 (100 coords)
2026-06-15 16:46:32,463  INFO      → geocode lote 37/50 (100 coords)
2026-06-15 16:46:36,197  INFO      → geocode lote 38/50 (100 coords)
2026-06-15 16:46:39,329  INFO      → geocode lote 39/50 (100 coords)
2026-06-15 16:46:42,491  INFO      → geocode lote 40/50 (100 coords)
2026-06-15 16:46:46,206  INFO      → geocode lote 41/50 (100 coords)
2026-06-15 16:46:49,343  INFO      → geocode lote 42/50 (100 coords)
2026-06-15 16:46:52,453  INFO      → geocode lote 43/50 (100 coords)
2026-06-15 16:46:57,043  INFO      → geocode lote 44/50 (100 coords)
2026-06-15 16:47:00,068  INFO      → geocode lote 45/50 (100 coords)
2026-06-15 16:47:03,216  INFO      → geocode lote 46/50 (100 coords)
2026-06-15 16:47:07,140  INFO      → geocode lote 47/50 (100 coords)
2026-06-15 16:47:10,087  INFO      → geocode lote 48/50 (100 coords)
2026-06-15 16:47:13,926  INFO      → geocode lote 49/50 (100 coords)
2026-06-15 16:47:18,423  INFO      → geocode lote 50/50 (100 coords)
2026-06-15 16:47:24,148  INFO      → 50,000/83,014 endereços no cache
2026-06-15 16:47:24,226  INFO      → geocode lote 1/50 (100 coords)
2026-06-15 16:47:27,672  INFO      → geocode lote 2/50 (100 coords)
2026-06-15 16:47:30,796  INFO      → geocode lote 3/50 (100 coords)
2026-06-15 16:47:34,658  INFO      → geocode lote 4/50 (100 coords)
2026-06-15 16:47:37,795  INFO      → geocode lote 5/50 (100 coords)
2026-06-15 16:47:40,924  INFO      → geocode lote 6/50 (100 coords)
2026-06-15 16:47:44,662  INFO      → geocode lote 7/50 (100 coords)
2026-06-15 16:47:47,795  INFO      → geocode lote 8/50 (100 coords)
2026-06-15 16:47:50,922  INFO      → geocode lote 9/50 (100 coords)
2026-06-15 16:47:54,657  INFO      → geocode lote 10/50 (100 coords)
2026-06-15 16:47:57,793  INFO      → geocode lote 11/50 (100 coords)
2026-06-15 16:48:00,928  INFO      → geocode lote 12/50 (100 coords)
2026-06-15 16:48:04,678  INFO      → geocode lote 13/50 (100 coords)
2026-06-15 16:48:07,785  INFO      → geocode lote 14/50 (100 coords)
2026-06-15 16:48:11,294  INFO      → geocode lote 15/50 (100 coords)
2026-06-15 16:48:14,843  INFO      → geocode lote 16/50 (100 coords)
2026-06-15 16:48:17,956  INFO      → geocode lote 17/50 (100 coords)
2026-06-15 16:48:21,714  INFO      → geocode lote 18/50 (100 coords)
2026-06-15 16:48:24,845  INFO      → geocode lote 19/50 (100 coords)
2026-06-15 16:48:27,968  INFO      → geocode lote 20/50 (100 coords)
2026-06-15 16:48:31,722  INFO      → geocode lote 21/50 (100 coords)
2026-06-15 16:48:34,836  INFO      → geocode lote 22/50 (100 coords)
2026-06-15 16:48:37,960  INFO      → geocode lote 23/50 (100 coords)
2026-06-15 16:48:41,731  INFO      → geocode lote 24/50 (100 coords)
2026-06-15 16:48:44,842  INFO      → geocode lote 25/50 (100 coords)
2026-06-15 16:48:47,968  INFO      → geocode lote 26/50 (100 coords)
2026-06-15 16:48:51,778  INFO      → geocode lote 27/50 (100 coords)
2026-06-15 16:48:54,839  INFO      → geocode lote 28/50 (100 coords)
2026-06-15 16:48:58,006  INFO      → geocode lote 29/50 (100 coords)
2026-06-15 16:49:01,731  INFO      → geocode lote 30/50 (100 coords)
2026-06-15 16:49:04,849  INFO      → geocode lote 31/50 (100 coords)
2026-06-15 16:49:07,958  INFO      → geocode lote 32/50 (100 coords)
2026-06-15 16:49:11,733  INFO      → geocode lote 33/50 (100 coords)
2026-06-15 16:49:14,850  INFO      → geocode lote 34/50 (100 coords)
2026-06-15 16:49:17,975  INFO      → geocode lote 35/50 (100 coords)
2026-06-15 16:49:21,733  INFO      → geocode lote 36/50 (100 coords)
2026-06-15 16:49:24,878  INFO      → geocode lote 37/50 (100 coords)
2026-06-15 16:49:28,015  INFO      → geocode lote 38/50 (100 coords)
2026-06-15 16:49:31,735  INFO      → geocode lote 39/50 (100 coords)
2026-06-15 16:49:34,995  INFO      → geocode lote 40/50 (100 coords)
2026-06-15 16:49:38,735  INFO      → geocode lote 41/50 (100 coords)
2026-06-15 16:49:41,871  INFO      → geocode lote 42/50 (100 coords)
2026-06-15 16:49:44,983  INFO      → geocode lote 43/50 (100 coords)
2026-06-15 16:49:48,751  INFO      → geocode lote 44/50 (100 coords)
2026-06-15 16:49:51,862  INFO      → geocode lote 45/50 (100 coords)
2026-06-15 16:49:55,028  INFO      → geocode lote 46/50 (100 coords)
2026-06-15 16:49:58,757  INFO      → geocode lote 47/50 (100 coords)
2026-06-15 16:50:01,943  INFO      → geocode lote 48/50 (100 coords)
2026-06-15 16:50:05,758  INFO      → geocode lote 49/50 (100 coords)
2026-06-15 16:50:08,865  INFO      → geocode lote 50/50 (100 coords)
2026-06-15 16:50:13,328  INFO      → 55,000/83,014 endereços no cache
2026-06-15 16:50:13,409  INFO      → geocode lote 1/50 (100 coords)
2026-06-15 16:50:16,652  INFO      → geocode lote 2/50 (100 coords)
2026-06-15 16:50:19,783  INFO      → geocode lote 3/50 (100 coords)
2026-06-15 16:50:23,522  INFO      → geocode lote 4/50 (100 coords)
2026-06-15 16:50:26,654  INFO      → geocode lote 5/50 (100 coords)
2026-06-15 16:50:29,788  INFO      → geocode lote 6/50 (100 coords)
2026-06-15 16:50:33,661  INFO      → geocode lote 7/50 (100 coords)
2026-06-15 16:50:36,687  INFO      → geocode lote 8/50 (100 coords)
2026-06-15 16:50:39,931  INFO      → geocode lote 9/50 (100 coords)
2026-06-15 16:50:43,548  INFO      → geocode lote 10/50 (100 coords)
2026-06-15 16:50:46,793  INFO      → geocode lote 11/50 (100 coords)
2026-06-15 16:50:50,529  INFO      → geocode lote 12/50 (100 coords)
2026-06-15 16:50:53,641  INFO      → geocode lote 13/50 (100 coords)
2026-06-15 16:50:56,781  INFO      → geocode lote 14/50 (100 coords)
2026-06-15 16:51:00,638  INFO      → geocode lote 15/50 (100 coords)
2026-06-15 16:51:03,669  INFO      → geocode lote 16/50 (100 coords)
2026-06-15 16:51:06,796  INFO      → geocode lote 17/50 (100 coords)
2026-06-15 16:51:10,548  INFO      → geocode lote 18/50 (100 coords)
2026-06-15 16:51:13,691  INFO      → geocode lote 19/50 (100 coords)
2026-06-15 16:51:16,809  INFO      → geocode lote 20/50 (100 coords)
2026-06-15 16:51:20,557  INFO      → geocode lote 21/50 (100 coords)
2026-06-15 16:51:23,694  INFO      → geocode lote 22/50 (100 coords)
2026-06-15 16:51:26,814  INFO      → geocode lote 23/50 (100 coords)
2026-06-15 16:51:30,546  INFO      → geocode lote 24/50 (100 coords)
2026-06-15 16:51:33,697  INFO      → geocode lote 25/50 (100 coords)
2026-06-15 16:51:36,828  INFO      → geocode lote 26/50 (100 coords)
2026-06-15 16:51:40,558  INFO      → geocode lote 27/50 (100 coords)
2026-06-15 16:51:43,791  INFO      → geocode lote 28/50 (100 coords)
2026-06-15 16:51:47,558  INFO      → geocode lote 29/50 (100 coords)
2026-06-15 16:51:50,702  INFO      → geocode lote 30/50 (100 coords)
2026-06-15 16:51:53,859  INFO      → geocode lote 31/50 (100 coords)
2026-06-15 16:51:57,545  INFO      → geocode lote 32/50 (100 coords)
2026-06-15 16:52:00,696  INFO      → geocode lote 33/50 (100 coords)
2026-06-15 16:52:03,833  INFO      → geocode lote 34/50 (100 coords)
2026-06-15 16:52:07,578  INFO      → geocode lote 35/50 (100 coords)
2026-06-15 16:52:10,707  INFO      → geocode lote 36/50 (100 coords)
2026-06-15 16:52:13,874  INFO      → geocode lote 37/50 (100 coords)
2026-06-15 16:52:17,567  INFO      → geocode lote 38/50 (100 coords)
2026-06-15 16:52:20,721  INFO      → geocode lote 39/50 (100 coords)
2026-06-15 16:52:23,842  INFO      → geocode lote 40/50 (100 coords)
2026-06-15 16:52:27,567  INFO      → geocode lote 41/50 (100 coords)
2026-06-15 16:52:30,734  INFO      → geocode lote 42/50 (100 coords)
2026-06-15 16:52:33,830  INFO      → geocode lote 43/50 (100 coords)
2026-06-15 16:52:37,577  INFO      → geocode lote 44/50 (100 coords)
2026-06-15 16:52:40,715  INFO      → geocode lote 45/50 (100 coords)
2026-06-15 16:52:44,149  INFO      → geocode lote 46/50 (100 coords)
2026-06-15 16:52:47,800  INFO      → geocode lote 47/50 (100 coords)
2026-06-15 16:52:50,877  INFO      → geocode lote 48/50 (100 coords)
2026-06-15 16:52:54,673  INFO      → geocode lote 49/50 (100 coords)
2026-06-15 16:52:57,775  INFO      → geocode lote 50/50 (100 coords)
2026-06-15 16:53:01,736  INFO      → 60,000/83,014 endereços no cache
2026-06-15 16:53:01,815  INFO      → geocode lote 1/50 (100 coords)
2026-06-15 16:53:05,265  INFO      → geocode lote 2/50 (100 coords)
2026-06-15 16:53:08,381  INFO      → geocode lote 3/50 (100 coords)
2026-06-15 16:53:11,614  INFO      → geocode lote 4/50 (100 coords)
2026-06-15 16:53:15,358  INFO      → geocode lote 5/50 (100 coords)
2026-06-15 16:53:18,445  INFO      → geocode lote 6/50 (100 coords)
2026-06-15 16:53:22,261  INFO      → geocode lote 7/50 (100 coords)
2026-06-15 16:53:25,419  INFO      → geocode lote 8/50 (100 coords)
2026-06-15 16:53:28,557  INFO      → geocode lote 9/50 (100 coords)
2026-06-15 16:53:32,269  INFO      → geocode lote 10/50 (100 coords)
2026-06-15 16:53:35,379  INFO      → geocode lote 11/50 (100 coords)
2026-06-15 16:53:38,520  INFO      → geocode lote 12/50 (100 coords)
2026-06-15 16:53:42,253  INFO      → geocode lote 13/50 (100 coords)
2026-06-15 16:53:45,408  INFO      → geocode lote 14/50 (100 coords)
2026-06-15 16:53:48,542  INFO      → geocode lote 15/50 (100 coords)
2026-06-15 16:53:52,681  INFO      → geocode lote 16/50 (100 coords)
2026-06-15 16:53:55,769  INFO      → geocode lote 17/50 (100 coords)
2026-06-15 16:53:59,620  INFO      → geocode lote 18/50 (100 coords)
2026-06-15 16:54:02,741  INFO      → geocode lote 19/50 (100 coords)
2026-06-15 16:54:05,871  INFO      → geocode lote 20/50 (100 coords)
2026-06-15 16:54:09,624  INFO      → geocode lote 21/50 (100 coords)
2026-06-15 16:54:12,737  INFO      → geocode lote 22/50 (100 coords)
2026-06-15 16:54:15,919  INFO      → geocode lote 23/50 (100 coords)
2026-06-15 16:54:19,631  INFO      → geocode lote 24/50 (100 coords)
2026-06-15 16:54:22,744  INFO      → geocode lote 25/50 (100 coords)
2026-06-15 16:54:25,895  INFO      → geocode lote 26/50 (100 coords)
2026-06-15 16:54:29,649  INFO      → geocode lote 27/50 (100 coords)
2026-06-15 16:54:32,778  INFO      → geocode lote 28/50 (100 coords)
2026-06-15 16:54:35,918  INFO      → geocode lote 29/50 (100 coords)
2026-06-15 16:54:39,656  INFO      → geocode lote 30/50 (100 coords)
2026-06-15 16:54:42,822  INFO      → geocode lote 31/50 (100 coords)
2026-06-15 16:54:45,927  INFO      → geocode lote 32/50 (100 coords)
2026-06-15 16:54:49,677  INFO      → geocode lote 33/50 (100 coords)
2026-06-15 16:54:52,874  INFO      → geocode lote 34/50 (100 coords)
2026-06-15 16:54:55,958  INFO      → geocode lote 35/50 (100 coords)
2026-06-15 16:54:59,674  INFO      → geocode lote 36/50 (100 coords)
2026-06-15 16:55:02,821  INFO      → geocode lote 37/50 (100 coords)
2026-06-15 16:55:06,120  INFO      → geocode lote 38/50 (100 coords)
2026-06-15 16:55:09,674  INFO      → geocode lote 39/50 (100 coords)
2026-06-15 16:55:12,931  INFO      → geocode lote 40/50 (100 coords)
2026-06-15 16:55:16,686  INFO      → geocode lote 41/50 (100 coords)
2026-06-15 16:55:19,773  INFO      → geocode lote 42/50 (100 coords)
2026-06-15 16:55:22,895  INFO      → geocode lote 43/50 (100 coords)
2026-06-15 16:55:26,669  INFO      → geocode lote 44/50 (100 coords)
2026-06-15 16:55:29,790  INFO      → geocode lote 45/50 (100 coords)
2026-06-15 16:55:32,910  INFO      → geocode lote 46/50 (100 coords)
2026-06-15 16:55:36,684  INFO      → geocode lote 47/50 (100 coords)
2026-06-15 16:55:39,798  INFO      → geocode lote 48/50 (100 coords)
2026-06-15 16:55:42,878  INFO      → geocode lote 49/50 (100 coords)
2026-06-15 16:55:46,664  INFO      → geocode lote 50/50 (100 coords)
2026-06-15 16:55:51,141  INFO      → 65,000/83,014 endereços no cache
2026-06-15 16:55:51,220  INFO      → geocode lote 1/50 (100 coords)
2026-06-15 16:55:54,682  INFO      → geocode lote 2/50 (100 coords)
2026-06-15 16:55:57,813  INFO      → geocode lote 3/50 (100 coords)
2026-06-15 16:56:00,940  INFO      → geocode lote 4/50 (100 coords)
2026-06-15 16:56:04,685  INFO      → geocode lote 5/50 (100 coords)
2026-06-15 16:56:07,798  INFO      → geocode lote 6/50 (100 coords)
2026-06-15 16:56:10,983  INFO      → geocode lote 7/50 (100 coords)
2026-06-15 16:56:14,784  INFO      → geocode lote 8/50 (100 coords)
2026-06-15 16:56:18,740  INFO      → geocode lote 9/50 (100 coords)
2026-06-15 16:56:21,880  INFO      → geocode lote 10/50 (100 coords)
2026-06-15 16:56:25,017  INFO      → geocode lote 11/50 (100 coords)
2026-06-15 16:56:28,749  INFO      → geocode lote 12/50 (100 coords)
2026-06-15 16:56:31,867  INFO      → geocode lote 13/50 (100 coords)
2026-06-15 16:56:35,036  INFO      → geocode lote 14/50 (100 coords)
2026-06-15 16:56:38,739  INFO      → geocode lote 15/50 (100 coords)
2026-06-15 16:56:41,991  INFO      → geocode lote 16/50 (100 coords)
2026-06-15 16:56:45,731  INFO      → geocode lote 17/50 (100 coords)
2026-06-15 16:56:48,853  INFO      → geocode lote 18/50 (100 coords)
2026-06-15 16:56:52,744  INFO      → geocode lote 19/50 (100 coords)
2026-06-15 16:56:56,410  INFO      → geocode lote 20/50 (100 coords)
2026-06-15 16:56:59,529  INFO      → geocode lote 21/50 (100 coords)
2026-06-15 16:57:03,259  INFO      → geocode lote 22/50 (100 coords)
2026-06-15 16:57:06,580  INFO      → geocode lote 23/50 (100 coords)
2026-06-15 16:57:09,540  INFO      → geocode lote 24/50 (100 coords)
2026-06-15 16:57:13,277  INFO      → geocode lote 25/50 (100 coords)
2026-06-15 16:57:16,400  INFO      → geocode lote 26/50 (100 coords)
2026-06-15 16:57:19,527  INFO      → geocode lote 27/50 (100 coords)
2026-06-15 16:57:23,291  INFO      → geocode lote 28/50 (100 coords)
2026-06-15 16:57:26,536  INFO      → geocode lote 29/50 (100 coords)
2026-06-15 16:57:29,544  INFO      → geocode lote 30/50 (100 coords)
2026-06-15 16:57:33,269  INFO      → geocode lote 31/50 (100 coords)
2026-06-15 16:57:36,405  INFO      → geocode lote 32/50 (100 coords)
2026-06-15 16:57:39,625  INFO      → geocode lote 33/50 (100 coords)
2026-06-15 16:57:43,272  INFO      → geocode lote 34/50 (100 coords)
2026-06-15 16:57:46,411  INFO      → geocode lote 35/50 (100 coords)
2026-06-15 16:57:49,564  INFO      → geocode lote 36/50 (100 coords)
2026-06-15 16:57:53,277  INFO      → geocode lote 37/50 (100 coords)
2026-06-15 16:57:56,428  INFO      → geocode lote 38/50 (100 coords)
2026-06-15 16:57:59,569  INFO      → geocode lote 39/50 (100 coords)
2026-06-15 16:58:03,284  INFO      → geocode lote 40/50 (100 coords)
2026-06-15 16:58:06,447  INFO      → geocode lote 41/50 (100 coords)
2026-06-15 16:58:09,559  INFO      → geocode lote 42/50 (100 coords)
2026-06-15 16:58:13,285  INFO      → geocode lote 43/50 (100 coords)
2026-06-15 16:58:16,431  INFO      → geocode lote 44/50 (100 coords)
2026-06-15 16:58:19,581  INFO      → geocode lote 45/50 (100 coords)
2026-06-15 16:58:23,307  INFO      → geocode lote 46/50 (100 coords)
2026-06-15 16:58:26,461  INFO      → geocode lote 47/50 (100 coords)
2026-06-15 16:58:29,571  INFO      → geocode lote 48/50 (100 coords)
2026-06-15 16:58:33,301  INFO      → geocode lote 49/50 (100 coords)
2026-06-15 16:58:36,486  INFO      → geocode lote 50/50 (100 coords)
2026-06-15 16:58:41,579  INFO      → 70,000/83,014 endereços no cache
2026-06-15 16:58:41,660  INFO      → geocode lote 1/50 (100 coords)
2026-06-15 16:58:45,104  INFO      → geocode lote 2/50 (100 coords)
2026-06-15 16:58:50,004  INFO      → geocode lote 3/50 (100 coords)
2026-06-15 16:58:53,127  INFO      → geocode lote 4/50 (100 coords)
2026-06-15 16:58:56,297  INFO      → geocode lote 5/50 (100 coords)
2026-06-15 16:58:59,993  INFO      → geocode lote 6/50 (100 coords)
2026-06-15 16:59:03,142  INFO      → geocode lote 7/50 (100 coords)
2026-06-15 16:59:06,457  INFO      → geocode lote 8/50 (100 coords)
2026-06-15 16:59:10,148  INFO      → geocode lote 9/50 (100 coords)
2026-06-15 16:59:13,496  INFO      → geocode lote 10/50 (100 coords)
2026-06-15 16:59:16,983  INFO      → geocode lote 11/50 (100 coords)
2026-06-15 16:59:20,121  INFO      → geocode lote 12/50 (100 coords)
2026-06-15 16:59:23,347  INFO      → geocode lote 13/50 (100 coords)
2026-06-15 16:59:26,994  INFO      → geocode lote 14/50 (100 coords)
2026-06-15 16:59:30,199  INFO      → geocode lote 15/50 (100 coords)
2026-06-15 16:59:33,263  INFO      → geocode lote 16/50 (100 coords)
2026-06-15 16:59:36,993  INFO      → geocode lote 17/50 (100 coords)
2026-06-15 16:59:40,128  INFO      → geocode lote 18/50 (100 coords)
2026-06-15 16:59:43,274  INFO      → geocode lote 19/50 (100 coords)
2026-06-15 16:59:47,020  INFO      → geocode lote 20/50 (100 coords)
2026-06-15 16:59:50,160  INFO      → geocode lote 21/50 (100 coords)
2026-06-15 16:59:53,307  INFO      → geocode lote 22/50 (100 coords)
2026-06-15 16:59:57,011  INFO      → geocode lote 23/50 (100 coords)
2026-06-15 17:00:00,173  INFO      → geocode lote 24/50 (100 coords)
2026-06-15 17:00:03,974  INFO      → geocode lote 25/50 (100 coords)
2026-06-15 17:00:07,116  INFO      → geocode lote 26/50 (100 coords)
2026-06-15 17:00:11,418  INFO      → geocode lote 27/50 (100 coords)
2026-06-15 17:00:14,464  INFO      → geocode lote 28/50 (100 coords)
2026-06-15 17:00:18,308  INFO      → geocode lote 29/50 (100 coords)
2026-06-15 17:00:21,466  INFO      → geocode lote 30/50 (100 coords)
2026-06-15 17:00:24,535  INFO      → geocode lote 31/50 (100 coords)
2026-06-15 17:00:28,307  INFO      → geocode lote 32/50 (100 coords)
2026-06-15 17:00:31,403  INFO      → geocode lote 33/50 (100 coords)
2026-06-15 17:00:34,565  INFO      → geocode lote 34/50 (100 coords)
2026-06-15 17:00:38,315  INFO      → geocode lote 35/50 (100 coords)
2026-06-15 17:00:41,442  INFO      → geocode lote 36/50 (100 coords)
2026-06-15 17:00:44,566  INFO      → geocode lote 37/50 (100 coords)
2026-06-15 17:00:48,370  INFO      → geocode lote 38/50 (100 coords)
2026-06-15 17:00:51,438  INFO      → geocode lote 39/50 (100 coords)
2026-06-15 17:00:54,556  INFO      → geocode lote 40/50 (100 coords)
2026-06-15 17:00:59,638  INFO      → geocode lote 41/50 (100 coords)
2026-06-15 17:01:02,599  INFO      → geocode lote 42/50 (100 coords)
2026-06-15 17:01:06,352  INFO      → geocode lote 43/50 (100 coords)
2026-06-15 17:01:09,515  INFO      → geocode lote 44/50 (100 coords)
2026-06-15 17:01:12,837  INFO      → geocode lote 45/50 (100 coords)
2026-06-15 17:01:16,356  INFO      → geocode lote 46/50 (100 coords)
2026-06-15 17:01:19,497  INFO      → geocode lote 47/50 (100 coords)
2026-06-15 17:01:23,351  INFO      → geocode lote 48/50 (100 coords)
2026-06-15 17:01:26,560  INFO      → geocode lote 49/50 (100 coords)
2026-06-15 17:01:29,590  INFO      → geocode lote 50/50 (100 coords)
2026-06-15 17:01:34,848  INFO      → 75,000/83,014 endereços no cache
2026-06-15 17:01:34,942  INFO      → geocode lote 1/50 (100 coords)
2026-06-15 17:01:38,368  INFO      → geocode lote 2/50 (100 coords)
2026-06-15 17:01:41,624  INFO      → geocode lote 3/50 (100 coords)
2026-06-15 17:01:45,381  INFO      → geocode lote 4/50 (100 coords)
2026-06-15 17:01:48,505  INFO      → geocode lote 5/50 (100 coords)
2026-06-15 17:01:51,631  INFO      → geocode lote 6/50 (100 coords)
2026-06-15 17:01:55,379  INFO      → geocode lote 7/50 (100 coords)
2026-06-15 17:01:58,501  INFO      → geocode lote 8/50 (100 coords)
2026-06-15 17:02:01,629  INFO      → geocode lote 9/50 (100 coords)
2026-06-15 17:02:05,370  INFO      → geocode lote 10/50 (100 coords)
2026-06-15 17:02:09,787  INFO      → geocode lote 11/50 (100 coords)
2026-06-15 17:02:12,849  INFO      → geocode lote 12/50 (100 coords)
2026-06-15 17:02:15,996  INFO      → geocode lote 13/50 (100 coords)
2026-06-15 17:02:19,704  INFO      → geocode lote 14/50 (100 coords)
2026-06-15 17:02:22,966  INFO      → geocode lote 15/50 (100 coords)
2026-06-15 17:02:26,733  INFO      → geocode lote 16/50 (100 coords)
2026-06-15 17:02:29,885  INFO      → geocode lote 17/50 (100 coords)
2026-06-15 17:02:32,988  INFO      → geocode lote 18/50 (100 coords)
2026-06-15 17:02:36,776  INFO      → geocode lote 19/50 (100 coords)
2026-06-15 17:02:39,883  INFO      → geocode lote 20/50 (100 coords)
2026-06-15 17:02:43,041  INFO      → geocode lote 21/50 (100 coords)
2026-06-15 17:02:46,761  INFO      → geocode lote 22/50 (100 coords)
2026-06-15 17:02:49,878  INFO      → geocode lote 23/50 (100 coords)
2026-06-15 17:02:53,011  INFO      → geocode lote 24/50 (100 coords)
2026-06-15 17:02:56,760  INFO      → geocode lote 25/50 (100 coords)
2026-06-15 17:02:59,889  INFO      → geocode lote 26/50 (100 coords)
2026-06-15 17:03:03,017  INFO      → geocode lote 27/50 (100 coords)
2026-06-15 17:03:06,811  INFO      → geocode lote 28/50 (100 coords)
2026-06-15 17:03:10,055  INFO      → geocode lote 29/50 (100 coords)
2026-06-15 17:03:13,228  INFO      → geocode lote 30/50 (100 coords)
2026-06-15 17:03:16,788  INFO      → geocode lote 31/50 (100 coords)
2026-06-15 17:03:19,913  INFO      → geocode lote 32/50 (100 coords)
2026-06-15 17:03:23,052  INFO      → geocode lote 33/50 (100 coords)
2026-06-15 17:03:26,792  INFO      → geocode lote 34/50 (100 coords)
2026-06-15 17:03:29,923  INFO      → geocode lote 35/50 (100 coords)
2026-06-15 17:03:33,145  INFO      → geocode lote 36/50 (100 coords)
2026-06-15 17:03:36,787  INFO      → geocode lote 37/50 (100 coords)
2026-06-15 17:03:39,925  INFO      → geocode lote 38/50 (100 coords)
2026-06-15 17:03:43,081  INFO      → geocode lote 39/50 (100 coords)
2026-06-15 17:03:46,803  INFO      → geocode lote 40/50 (100 coords)
2026-06-15 17:03:49,930  INFO      → geocode lote 41/50 (100 coords)
2026-06-15 17:03:53,037  INFO      → geocode lote 42/50 (100 coords)
2026-06-15 17:03:56,841  INFO      → geocode lote 43/50 (100 coords)
2026-06-15 17:03:59,922  INFO      → geocode lote 44/50 (100 coords)
2026-06-15 17:04:03,064  INFO      → geocode lote 45/50 (100 coords)
2026-06-15 17:04:06,814  INFO      → geocode lote 46/50 (100 coords)
2026-06-15 17:04:09,953  INFO      → geocode lote 47/50 (100 coords)
2026-06-15 17:04:13,088  INFO      → geocode lote 48/50 (100 coords)
2026-06-15 17:04:16,815  INFO      → geocode lote 49/50 (100 coords)
2026-06-15 17:04:19,969  INFO      → geocode lote 50/50 (100 coords)
2026-06-15 17:04:24,960  INFO      → 80,000/83,014 endereços no cache
2026-06-15 17:04:25,034  INFO      → geocode lote 1/31 (100 coords)
2026-06-15 17:04:28,484  INFO      → geocode lote 2/31 (100 coords)
2026-06-15 17:04:31,649  INFO      → geocode lote 3/31 (100 coords)
2026-06-15 17:04:34,745  INFO      → geocode lote 4/31 (100 coords)
2026-06-15 17:04:38,591  INFO      → geocode lote 5/31 (100 coords)
2026-06-15 17:04:41,712  INFO      → geocode lote 6/31 (100 coords)
2026-06-15 17:04:45,466  INFO      → geocode lote 7/31 (100 coords)
2026-06-15 17:04:48,847  INFO      → geocode lote 8/31 (100 coords)
2026-06-15 17:04:51,678  INFO      → geocode lote 9/31 (100 coords)
2026-06-15 17:04:55,467  INFO      → geocode lote 10/31 (100 coords)
2026-06-15 17:04:58,581  INFO      → geocode lote 11/31 (100 coords)
2026-06-15 17:05:01,767  INFO      → geocode lote 12/31 (100 coords)
2026-06-15 17:05:05,476  INFO      → geocode lote 13/31 (100 coords)
2026-06-15 17:05:08,614  INFO      → geocode lote 14/31 (100 coords)
2026-06-15 17:05:11,768  INFO      → geocode lote 15/31 (100 coords)
2026-06-15 17:05:15,486  INFO      → geocode lote 16/31 (100 coords)
2026-06-15 17:05:18,594  INFO      → geocode lote 17/31 (100 coords)
2026-06-15 17:05:21,751  INFO      → geocode lote 18/31 (100 coords)
2026-06-15 17:05:25,477  INFO      → geocode lote 19/31 (100 coords)
2026-06-15 17:05:28,583  INFO      → geocode lote 20/31 (100 coords)
2026-06-15 17:05:31,749  INFO      → geocode lote 21/31 (100 coords)
2026-06-15 17:05:35,465  INFO      → geocode lote 22/31 (100 coords)
2026-06-15 17:05:38,603  INFO      → geocode lote 23/31 (100 coords)
2026-06-15 17:05:41,735  INFO      → geocode lote 24/31 (100 coords)
2026-06-15 17:05:45,491  INFO      → geocode lote 25/31 (100 coords)
2026-06-15 17:05:48,599  INFO      → geocode lote 26/31 (100 coords)
2026-06-15 17:05:51,743  INFO      → geocode lote 27/31 (100 coords)
2026-06-15 17:05:55,485  INFO      → geocode lote 28/31 (100 coords)
2026-06-15 17:05:58,607  INFO      → geocode lote 29/31 (100 coords)
2026-06-15 17:06:01,779  INFO      → geocode lote 30/31 (100 coords)
2026-06-15 17:06:05,821  INFO      → geocode lote 31/31 (14 coords)
2026-06-15 17:06:07,534  INFO      → 83,014/83,014 endereços no cache
2026-06-15 17:06:07,617  INFO    ✓ Geocode concluído: +83,014 endereços em tb_enderecos.
FIM
"EXIT_CODE=0"
