2026-06-15 14:28:21,276  INFO    • Saída das chamadas Geotab: direto
2026-06-15 14:28:21,276  INFO  =======================================================
2026-06-15 14:28:21,276  INFO    Geotab → Supabase  |  modo: viagens
2026-06-15 14:28:21,276  INFO  =======================================================
2026-06-15 14:28:21,805  INFO    ✓ Tabelas verificadas no Supabase.
2026-06-15 14:28:23,400  INFO    ✓ Autenticado no Geotab

2026-06-15 14:28:23,400  INFO  Extraindo viagens (30 dias, geocode=off, lote=25 devices)...
2026-06-15 14:28:25,507  INFO    • Janela: 2026-05-16 14:28 → 2026-06-15 14:28
2026-06-15 14:28:25,507  INFO    • Lote 1/70 — 25 dispositivos
2026-06-15 14:28:39,074  INFO    ✓ tb_viagens: 8938 linhas gravadas.
2026-06-15 14:28:39,107  INFO    • Lote 2/70 — 25 dispositivos
2026-06-15 14:28:52,363  INFO    ✓ tb_viagens: 8877 linhas gravadas.
2026-06-15 14:28:52,398  INFO    • Lote 3/70 — 25 dispositivos
2026-06-15 14:29:06,910  INFO    ✓ tb_viagens: 10487 linhas gravadas.
2026-06-15 14:29:06,952  INFO    • Lote 4/70 — 25 dispositivos
2026-06-15 14:29:20,102  INFO    ✓ tb_viagens: 8836 linhas gravadas.
2026-06-15 14:29:20,143  INFO    • Lote 5/70 — 25 dispositivos
2026-06-15 14:29:35,062  INFO    ✓ tb_viagens: 10330 linhas gravadas.
2026-06-15 14:29:35,105  INFO    • Lote 6/70 — 25 dispositivos
2026-06-15 14:29:51,957  INFO    ✓ tb_viagens: 12022 linhas gravadas.
2026-06-15 14:29:51,992  INFO    • Lote 7/70 — 25 dispositivos
2026-06-15 14:30:04,016  INFO    ✓ tb_viagens: 9129 linhas gravadas.
2026-06-15 14:30:04,054  INFO    • Lote 8/70 — 25 dispositivos
2026-06-15 14:30:20,154  INFO    ✓ tb_viagens: 10191 linhas gravadas.
2026-06-15 14:30:20,210  INFO    • Lote 9/70 — 25 dispositivos
2026-06-15 14:30:42,037  INFO    ✓ tb_viagens: 9973 linhas gravadas.
2026-06-15 14:30:42,084  INFO    • Lote 10/70 — 25 dispositivos
2026-06-15 14:31:06,577  INFO    ✓ tb_viagens: 11349 linhas gravadas.
2026-06-15 14:31:06,622  INFO    • Lote 11/70 — 25 dispositivos
2026-06-15 14:31:31,236  INFO    ✓ tb_viagens: 11762 linhas gravadas.
2026-06-15 14:31:31,280  INFO    • Lote 12/70 — 25 dispositivos
2026-06-15 14:31:51,586  INFO    ✓ tb_viagens: 10578 linhas gravadas.
2026-06-15 14:31:51,629  INFO    • Lote 13/70 — 25 dispositivos
2026-06-15 14:32:08,738  INFO    ✓ tb_viagens: 9142 linhas gravadas.
2026-06-15 14:32:08,775  INFO    • Lote 14/70 — 25 dispositivos
2026-06-15 14:32:30,711  INFO    ✓ tb_viagens: 12070 linhas gravadas.
2026-06-15 14:32:30,777  INFO    • Lote 15/70 — 25 dispositivos
2026-06-15 14:32:51,277  INFO    ✓ tb_viagens: 10993 linhas gravadas.
2026-06-15 14:32:51,326  INFO    • Lote 16/70 — 25 dispositivos
2026-06-15 14:33:11,904  INFO    ✓ tb_viagens: 11004 linhas gravadas.
2026-06-15 14:33:11,955  INFO    • Lote 17/70 — 25 dispositivos
2026-06-15 14:33:33,539  INFO    ✓ tb_viagens: 9531 linhas gravadas.
2026-06-15 14:33:33,607  INFO    • Lote 18/70 — 25 dispositivos
2026-06-15 14:33:55,013  INFO    ✓ tb_viagens: 10066 linhas gravadas.
2026-06-15 14:33:55,070  INFO    • Lote 19/70 — 25 dispositivos
2026-06-15 14:34:20,459  INFO    ✓ tb_viagens: 11207 linhas gravadas.
2026-06-15 14:34:20,513  INFO    • Lote 20/70 — 25 dispositivos
2026-06-15 14:34:47,707  INFO    ✓ tb_viagens: 12443 linhas gravadas.
2026-06-15 14:34:47,764  INFO    • Lote 21/70 — 25 dispositivos
2026-06-15 14:35:15,767  INFO    ✓ tb_viagens: 11017 linhas gravadas.
2026-06-15 14:35:15,828  INFO    • Lote 22/70 — 25 dispositivos
2026-06-15 14:35:35,132  INFO    ✓ tb_viagens: 7135 linhas gravadas.
2026-06-15 14:35:35,181  INFO    • Lote 23/70 — 25 dispositivos
2026-06-15 14:35:57,401  INFO    ✓ tb_viagens: 10899 linhas gravadas.
2026-06-15 14:35:57,447  INFO    • Lote 24/70 — 25 dispositivos
2026-06-15 14:36:16,522  INFO    ✓ tb_viagens: 9814 linhas gravadas.
2026-06-15 14:36:16,569  INFO    • Lote 25/70 — 25 dispositivos
2026-06-15 14:36:35,383  INFO    ✓ tb_viagens: 9535 linhas gravadas.
2026-06-15 14:36:35,430  INFO    • Lote 26/70 — 25 dispositivos
2026-06-15 14:36:57,568  INFO    ✓ tb_viagens: 11365 linhas gravadas.
2026-06-15 14:36:57,617  INFO    • Lote 27/70 — 25 dispositivos
2026-06-15 14:37:15,850  INFO    ✓ tb_viagens: 9031 linhas gravadas.
2026-06-15 14:37:15,896  INFO    • Lote 28/70 — 25 dispositivos
2026-06-15 14:37:36,035  INFO    ✓ tb_viagens: 10172 linhas gravadas.
2026-06-15 14:37:36,096  INFO    • Lote 29/70 — 25 dispositivos
2026-06-15 14:37:56,422  INFO    ✓ tb_viagens: 11141 linhas gravadas.
2026-06-15 14:37:56,476  INFO    • Lote 30/70 — 25 dispositivos
2026-06-15 14:38:15,273  INFO    ✓ tb_viagens: 9339 linhas gravadas.
2026-06-15 14:38:15,318  INFO    • Lote 31/70 — 25 dispositivos
2026-06-15 14:38:35,765  INFO    ✓ tb_viagens: 9604 linhas gravadas.
2026-06-15 14:38:35,810  INFO    • Lote 32/70 — 25 dispositivos
2026-06-15 14:38:55,102  INFO    ✓ tb_viagens: 9860 linhas gravadas.
2026-06-15 14:38:55,148  INFO    • Lote 33/70 — 25 dispositivos
2026-06-15 14:39:17,130  INFO    ✓ tb_viagens: 9973 linhas gravadas.
2026-06-15 14:39:17,177  INFO    • Lote 34/70 — 25 dispositivos
2026-06-15 14:39:38,222  INFO    ✓ tb_viagens: 10680 linhas gravadas.
2026-06-15 14:39:38,270  INFO    • Lote 35/70 — 25 dispositivos
2026-06-15 14:39:58,119  INFO    ✓ tb_viagens: 10137 linhas gravadas.
2026-06-15 14:39:58,166  INFO    • Lote 36/70 — 25 dispositivos
2026-06-15 14:40:32,269  INFO    ✓ tb_viagens: 10213 linhas gravadas.
2026-06-15 14:40:32,318  INFO    • Lote 37/70 — 25 dispositivos
2026-06-15 14:40:54,630  INFO    ✓ tb_viagens: 12028 linhas gravadas.
2026-06-15 14:40:54,679  INFO    • Lote 38/70 — 25 dispositivos
2026-06-15 14:41:13,248  INFO    ✓ tb_viagens: 9234 linhas gravadas.
2026-06-15 14:41:13,321  INFO    • Lote 39/70 — 25 dispositivos
2026-06-15 14:41:35,280  INFO    ✓ tb_viagens: 11503 linhas gravadas.
2026-06-15 14:41:35,329  INFO    • Lote 40/70 — 25 dispositivos
2026-06-15 14:41:49,593  INFO    ✓ tb_viagens: 8935 linhas gravadas.
2026-06-15 14:41:49,644  INFO    • Lote 41/70 — 25 dispositivos
2026-06-15 14:42:03,475  INFO    ✓ tb_viagens: 9470 linhas gravadas.
2026-06-15 14:42:03,517  INFO    • Lote 42/70 — 25 dispositivos
2026-06-15 14:42:31,807  INFO    ✓ tb_viagens: 11166 linhas gravadas.
2026-06-15 14:42:31,865  INFO    • Lote 43/70 — 25 dispositivos
2026-06-15 14:43:01,884  INFO    ✓ tb_viagens: 12587 linhas gravadas.
2026-06-15 14:43:01,943  INFO    • Lote 44/70 — 25 dispositivos
2026-06-15 14:43:28,495  INFO    ✓ tb_viagens: 11217 linhas gravadas.
2026-06-15 14:43:28,549  INFO    • Lote 45/70 — 25 dispositivos
2026-06-15 14:43:55,821  INFO    ✓ tb_viagens: 11952 linhas gravadas.
2026-06-15 14:43:55,877  INFO    • Lote 46/70 — 25 dispositivos
2026-06-15 14:44:17,188  INFO    ✓ tb_viagens: 8962 linhas gravadas.
2026-06-15 14:44:17,239  INFO    • Lote 47/70 — 25 dispositivos
2026-06-15 14:44:46,422  INFO    ✓ tb_viagens: 12552 linhas gravadas.
2026-06-15 14:44:46,484  INFO    • Lote 48/70 — 25 dispositivos
2026-06-15 14:45:17,473  INFO    ✓ tb_viagens: 10740 linhas gravadas.
2026-06-15 14:45:17,527  INFO    • Lote 49/70 — 25 dispositivos
2026-06-15 14:45:39,967  INFO    ✓ tb_viagens: 10333 linhas gravadas.
2026-06-15 14:45:40,020  INFO    • Lote 50/70 — 25 dispositivos
2026-06-15 14:45:59,049  INFO    ✓ tb_viagens: 7811 linhas gravadas.
2026-06-15 14:45:59,102  INFO    • Lote 51/70 — 25 dispositivos
2026-06-15 14:46:15,454  INFO    ✓ tb_viagens: 6760 linhas gravadas.
2026-06-15 14:46:15,512  INFO    • Lote 52/70 — 25 dispositivos
2026-06-15 14:46:40,596  INFO    ✓ tb_viagens: 10638 linhas gravadas.
2026-06-15 14:46:40,648  INFO    • Lote 53/70 — 25 dispositivos
2026-06-15 14:47:02,150  INFO    ✓ tb_viagens: 9694 linhas gravadas.
2026-06-15 14:47:02,205  INFO    • Lote 54/70 — 25 dispositivos
2026-06-15 14:47:29,778  INFO    ✓ tb_viagens: 9777 linhas gravadas.
2026-06-15 14:47:29,833  INFO    • Lote 55/70 — 25 dispositivos
2026-06-15 14:47:49,415  INFO    ✓ tb_viagens: 8385 linhas gravadas.
2026-06-15 14:47:49,472  INFO    • Lote 56/70 — 25 dispositivos
2026-06-15 14:48:05,913  INFO    ✓ tb_viagens: 6435 linhas gravadas.
2026-06-15 14:48:05,968  INFO    • Lote 57/70 — 25 dispositivos
2026-06-15 14:48:28,871  INFO    ✓ tb_viagens: 10002 linhas gravadas.
2026-06-15 14:48:28,924  INFO    • Lote 58/70 — 25 dispositivos
2026-06-15 14:48:50,546  INFO    ✓ tb_viagens: 9111 linhas gravadas.
2026-06-15 14:48:50,602  INFO    • Lote 59/70 — 25 dispositivos
2026-06-15 14:49:14,321  INFO    ✓ tb_viagens: 9394 linhas gravadas.
2026-06-15 14:49:14,381  INFO    • Lote 60/70 — 25 dispositivos
2026-06-15 14:49:38,664  INFO    ✓ tb_viagens: 10035 linhas gravadas.
2026-06-15 14:49:38,721  INFO    • Lote 61/70 — 25 dispositivos
2026-06-15 14:49:57,474  INFO    ✓ tb_viagens: 7958 linhas gravadas.
2026-06-15 14:49:57,532  INFO    • Lote 62/70 — 25 dispositivos
2026-06-15 14:50:30,256  INFO    ✓ tb_viagens: 12771 linhas gravadas.
2026-06-15 14:50:30,315  INFO    • Lote 63/70 — 25 dispositivos
2026-06-15 14:50:54,424  INFO    ✓ tb_viagens: 10039 linhas gravadas.
2026-06-15 14:50:54,484  INFO    • Lote 64/70 — 25 dispositivos
2026-06-15 14:51:17,512  INFO    ✓ tb_viagens: 10301 linhas gravadas.
2026-06-15 14:51:17,575  INFO    • Lote 65/70 — 25 dispositivos
2026-06-15 14:51:44,275  INFO    ✓ tb_viagens: 10915 linhas gravadas.
2026-06-15 14:51:44,334  INFO    • Lote 66/70 — 25 dispositivos
2026-06-15 14:52:03,604  INFO    ✓ tb_viagens: 8420 linhas gravadas.
2026-06-15 14:52:03,658  INFO    • Lote 67/70 — 25 dispositivos
2026-06-15 14:52:32,521  INFO    ✓ tb_viagens: 11653 linhas gravadas.
2026-06-15 14:52:32,663  INFO    • Lote 68/70 — 25 dispositivos
2026-06-15 14:52:56,703  INFO    ✓ tb_viagens: 11267 linhas gravadas.
2026-06-15 14:52:56,758  INFO    • Lote 69/70 — 25 dispositivos
2026-06-15 14:53:15,412  INFO    ✓ tb_viagens: 8598 linhas gravadas.
2026-06-15 14:53:15,466  INFO    • Lote 70/70 — 25 dispositivos
2026-06-15 14:53:38,644  INFO    ✓ tb_viagens: 10281 linhas gravadas.
2026-06-15 14:53:38,699  INFO    → 709767 viagens gravadas em tb_viagens
2026-06-15 14:53:38,701  INFO  
✅ Sincronização concluída.
EXIT_CODE=0
